Archive member included to satisfy reference by file (symbol)

c:/program files (x86)/atmel/studio/7.0/toolchain/avr8/avr8-gnu-toolchain/bin/../lib/gcc/avr/5.4.0/avr5\libgcc.a(_exit.o)
                              C:/Program Files (x86)/Atmel/Studio/7.0/Packs/atmel/ATmega_DFP/1.6.364/gcc/dev/atmega168/avr5/crtatmega168.o (exit)
c:/program files (x86)/atmel/studio/7.0/toolchain/avr8/avr8-gnu-toolchain/bin/../lib/gcc/avr/5.4.0/avr5\libgcc.a(_tablejump2.o)
                              disk.o (__tablejump2__)
c:/program files (x86)/atmel/studio/7.0/toolchain/avr8/avr8-gnu-toolchain/bin/../lib/gcc/avr/5.4.0/avr5\libgcc.a(_copy_data.o)
                              i2c.o (__do_copy_data)
c:/program files (x86)/atmel/studio/7.0/toolchain/avr8/avr8-gnu-toolchain/bin/../lib/gcc/avr/5.4.0/avr5\libgcc.a(_clear_bss.o)
                              cell.o (__do_clear_bss)
c:/program files (x86)/atmel/studio/7.0/toolchain/avr8/avr8-gnu-toolchain/bin/../lib/gcc/avr/5.4.0/../../../../avr/lib/avr5\libc.a(memcpy.o)
                              i2c.o (memcpy)
c:/program files (x86)/atmel/studio/7.0/toolchain/avr8/avr8-gnu-toolchain/bin/../lib/gcc/avr/5.4.0/../../../../avr/lib/avr5\libc.a(memset.o)
                              i2c.o (memset)
c:/program files (x86)/atmel/studio/7.0/toolchain/avr8/avr8-gnu-toolchain/bin/../lib/gcc/avr/5.4.0/../../../../avr/lib/avr5\libc.a(strcpy.o)
                              i2c.o (strcpy)

Allocating common symbols
Common symbol       size              file

CellStructure       0x2               cell.o
LiftStructure       0x8               lift.o
twi_output_ptr      0x1               i2c.o
twi_input_ptr       0x1               i2c.o
DiskStrukture       0x18              disk.o
twi_buffer          0x96              i2c.o
temp_buffer         0x96              i2c.o

Discarded input sections

 .data          0x00000000        0x0 C:/Program Files (x86)/Atmel/Studio/7.0/Packs/atmel/ATmega_DFP/1.6.364/gcc/dev/atmega168/avr5/crtatmega168.o
 .bss           0x00000000        0x0 C:/Program Files (x86)/Atmel/Studio/7.0/Packs/atmel/ATmega_DFP/1.6.364/gcc/dev/atmega168/avr5/crtatmega168.o
 .text          0x00000000        0x0 cell.o
 .data          0x00000000        0x0 cell.o
 .bss           0x00000000        0x0 cell.o
 .text          0x00000000        0x0 disk.o
 .data          0x00000000        0x0 disk.o
 .bss           0x00000000        0x0 disk.o
 .text.disk_get_sin_cos
                0x00000000       0x22 disk.o
 .text          0x00000000        0x0 gpio.o
 .data          0x00000000        0x0 gpio.o
 .bss           0x00000000        0x0 gpio.o
 .text          0x00000000        0x0 i2c.o
 .data          0x00000000        0x0 i2c.o
 .bss           0x00000000        0x0 i2c.o
 .text          0x00000000        0x0 lift.o
 .data          0x00000000        0x0 lift.o
 .bss           0x00000000        0x0 lift.o
 .text.get_lift_structure
                0x00000000       0xa8 lift.o
 .text          0x00000000        0x0 main.o
 .data          0x00000000        0x0 main.o
 .bss           0x00000000        0x0 main.o
 .text          0x00000000        0x0 timer.o
 .data          0x00000000        0x0 timer.o
 .bss           0x00000000        0x0 timer.o
 .text.m_delay_ms
                0x00000000       0x56 timer.o
 .text          0x00000000        0x0 c:/program files (x86)/atmel/studio/7.0/toolchain/avr8/avr8-gnu-toolchain/bin/../lib/gcc/avr/5.4.0/avr5\libgcc.a(_exit.o)
 .data          0x00000000        0x0 c:/program files (x86)/atmel/studio/7.0/toolchain/avr8/avr8-gnu-toolchain/bin/../lib/gcc/avr/5.4.0/avr5\libgcc.a(_exit.o)
 .bss           0x00000000        0x0 c:/program files (x86)/atmel/studio/7.0/toolchain/avr8/avr8-gnu-toolchain/bin/../lib/gcc/avr/5.4.0/avr5\libgcc.a(_exit.o)
 .text.libgcc.mul
                0x00000000        0x0 c:/program files (x86)/atmel/studio/7.0/toolchain/avr8/avr8-gnu-toolchain/bin/../lib/gcc/avr/5.4.0/avr5\libgcc.a(_exit.o)
 .text.libgcc.div
                0x00000000        0x0 c:/program files (x86)/atmel/studio/7.0/toolchain/avr8/avr8-gnu-toolchain/bin/../lib/gcc/avr/5.4.0/avr5\libgcc.a(_exit.o)
 .text.libgcc   0x00000000        0x0 c:/program files (x86)/atmel/studio/7.0/toolchain/avr8/avr8-gnu-toolchain/bin/../lib/gcc/avr/5.4.0/avr5\libgcc.a(_exit.o)
 .text.libgcc.prologue
                0x00000000        0x0 c:/program files (x86)/atmel/studio/7.0/toolchain/avr8/avr8-gnu-toolchain/bin/../lib/gcc/avr/5.4.0/avr5\libgcc.a(_exit.o)
 .text.libgcc.builtins
                0x00000000        0x0 c:/program files (x86)/atmel/studio/7.0/toolchain/avr8/avr8-gnu-toolchain/bin/../lib/gcc/avr/5.4.0/avr5\libgcc.a(_exit.o)
 .text.libgcc.fmul
                0x00000000        0x0 c:/program files (x86)/atmel/studio/7.0/toolchain/avr8/avr8-gnu-toolchain/bin/../lib/gcc/avr/5.4.0/avr5\libgcc.a(_exit.o)
 .text.libgcc.fixed
                0x00000000        0x0 c:/program files (x86)/atmel/studio/7.0/toolchain/avr8/avr8-gnu-toolchain/bin/../lib/gcc/avr/5.4.0/avr5\libgcc.a(_exit.o)
 .text          0x00000000        0x0 c:/program files (x86)/atmel/studio/7.0/toolchain/avr8/avr8-gnu-toolchain/bin/../lib/gcc/avr/5.4.0/avr5\libgcc.a(_tablejump2.o)
 .data          0x00000000        0x0 c:/program files (x86)/atmel/studio/7.0/toolchain/avr8/avr8-gnu-toolchain/bin/../lib/gcc/avr/5.4.0/avr5\libgcc.a(_tablejump2.o)
 .bss           0x00000000        0x0 c:/program files (x86)/atmel/studio/7.0/toolchain/avr8/avr8-gnu-toolchain/bin/../lib/gcc/avr/5.4.0/avr5\libgcc.a(_tablejump2.o)
 .text.libgcc.mul
                0x00000000        0x0 c:/program files (x86)/atmel/studio/7.0/toolchain/avr8/avr8-gnu-toolchain/bin/../lib/gcc/avr/5.4.0/avr5\libgcc.a(_tablejump2.o)
 .text.libgcc.div
                0x00000000        0x0 c:/program files (x86)/atmel/studio/7.0/toolchain/avr8/avr8-gnu-toolchain/bin/../lib/gcc/avr/5.4.0/avr5\libgcc.a(_tablejump2.o)
 .text.libgcc.prologue
                0x00000000        0x0 c:/program files (x86)/atmel/studio/7.0/toolchain/avr8/avr8-gnu-toolchain/bin/../lib/gcc/avr/5.4.0/avr5\libgcc.a(_tablejump2.o)
 .text.libgcc.builtins
                0x00000000        0x0 c:/program files (x86)/atmel/studio/7.0/toolchain/avr8/avr8-gnu-toolchain/bin/../lib/gcc/avr/5.4.0/avr5\libgcc.a(_tablejump2.o)
 .text.libgcc.fmul
                0x00000000        0x0 c:/program files (x86)/atmel/studio/7.0/toolchain/avr8/avr8-gnu-toolchain/bin/../lib/gcc/avr/5.4.0/avr5\libgcc.a(_tablejump2.o)
 .text.libgcc.fixed
                0x00000000        0x0 c:/program files (x86)/atmel/studio/7.0/toolchain/avr8/avr8-gnu-toolchain/bin/../lib/gcc/avr/5.4.0/avr5\libgcc.a(_tablejump2.o)
 .text          0x00000000        0x0 c:/program files (x86)/atmel/studio/7.0/toolchain/avr8/avr8-gnu-toolchain/bin/../lib/gcc/avr/5.4.0/avr5\libgcc.a(_copy_data.o)
 .data          0x00000000        0x0 c:/program files (x86)/atmel/studio/7.0/toolchain/avr8/avr8-gnu-toolchain/bin/../lib/gcc/avr/5.4.0/avr5\libgcc.a(_copy_data.o)
 .bss           0x00000000        0x0 c:/program files (x86)/atmel/studio/7.0/toolchain/avr8/avr8-gnu-toolchain/bin/../lib/gcc/avr/5.4.0/avr5\libgcc.a(_copy_data.o)
 .text.libgcc.mul
                0x00000000        0x0 c:/program files (x86)/atmel/studio/7.0/toolchain/avr8/avr8-gnu-toolchain/bin/../lib/gcc/avr/5.4.0/avr5\libgcc.a(_copy_data.o)
 .text.libgcc.div
                0x00000000        0x0 c:/program files (x86)/atmel/studio/7.0/toolchain/avr8/avr8-gnu-toolchain/bin/../lib/gcc/avr/5.4.0/avr5\libgcc.a(_copy_data.o)
 .text.libgcc   0x00000000        0x0 c:/program files (x86)/atmel/studio/7.0/toolchain/avr8/avr8-gnu-toolchain/bin/../lib/gcc/avr/5.4.0/avr5\libgcc.a(_copy_data.o)
 .text.libgcc.prologue
                0x00000000        0x0 c:/program files (x86)/atmel/studio/7.0/toolchain/avr8/avr8-gnu-toolchain/bin/../lib/gcc/avr/5.4.0/avr5\libgcc.a(_copy_data.o)
 .text.libgcc.builtins
                0x00000000        0x0 c:/program files (x86)/atmel/studio/7.0/toolchain/avr8/avr8-gnu-toolchain/bin/../lib/gcc/avr/5.4.0/avr5\libgcc.a(_copy_data.o)
 .text.libgcc.fmul
                0x00000000        0x0 c:/program files (x86)/atmel/studio/7.0/toolchain/avr8/avr8-gnu-toolchain/bin/../lib/gcc/avr/5.4.0/avr5\libgcc.a(_copy_data.o)
 .text.libgcc.fixed
                0x00000000        0x0 c:/program files (x86)/atmel/studio/7.0/toolchain/avr8/avr8-gnu-toolchain/bin/../lib/gcc/avr/5.4.0/avr5\libgcc.a(_copy_data.o)
 .text          0x00000000        0x0 c:/program files (x86)/atmel/studio/7.0/toolchain/avr8/avr8-gnu-toolchain/bin/../lib/gcc/avr/5.4.0/avr5\libgcc.a(_clear_bss.o)
 .data          0x00000000        0x0 c:/program files (x86)/atmel/studio/7.0/toolchain/avr8/avr8-gnu-toolchain/bin/../lib/gcc/avr/5.4.0/avr5\libgcc.a(_clear_bss.o)
 .bss           0x00000000        0x0 c:/program files (x86)/atmel/studio/7.0/toolchain/avr8/avr8-gnu-toolchain/bin/../lib/gcc/avr/5.4.0/avr5\libgcc.a(_clear_bss.o)
 .text.libgcc.mul
                0x00000000        0x0 c:/program files (x86)/atmel/studio/7.0/toolchain/avr8/avr8-gnu-toolchain/bin/../lib/gcc/avr/5.4.0/avr5\libgcc.a(_clear_bss.o)
 .text.libgcc.div
                0x00000000        0x0 c:/program files (x86)/atmel/studio/7.0/toolchain/avr8/avr8-gnu-toolchain/bin/../lib/gcc/avr/5.4.0/avr5\libgcc.a(_clear_bss.o)
 .text.libgcc   0x00000000        0x0 c:/program files (x86)/atmel/studio/7.0/toolchain/avr8/avr8-gnu-toolchain/bin/../lib/gcc/avr/5.4.0/avr5\libgcc.a(_clear_bss.o)
 .text.libgcc.prologue
                0x00000000        0x0 c:/program files (x86)/atmel/studio/7.0/toolchain/avr8/avr8-gnu-toolchain/bin/../lib/gcc/avr/5.4.0/avr5\libgcc.a(_clear_bss.o)
 .text.libgcc.builtins
                0x00000000        0x0 c:/program files (x86)/atmel/studio/7.0/toolchain/avr8/avr8-gnu-toolchain/bin/../lib/gcc/avr/5.4.0/avr5\libgcc.a(_clear_bss.o)
 .text.libgcc.fmul
                0x00000000        0x0 c:/program files (x86)/atmel/studio/7.0/toolchain/avr8/avr8-gnu-toolchain/bin/../lib/gcc/avr/5.4.0/avr5\libgcc.a(_clear_bss.o)
 .text.libgcc.fixed
                0x00000000        0x0 c:/program files (x86)/atmel/studio/7.0/toolchain/avr8/avr8-gnu-toolchain/bin/../lib/gcc/avr/5.4.0/avr5\libgcc.a(_clear_bss.o)
 .text          0x00000000        0x0 c:/program files (x86)/atmel/studio/7.0/toolchain/avr8/avr8-gnu-toolchain/bin/../lib/gcc/avr/5.4.0/../../../../avr/lib/avr5\libc.a(memcpy.o)
 .data          0x00000000        0x0 c:/program files (x86)/atmel/studio/7.0/toolchain/avr8/avr8-gnu-toolchain/bin/../lib/gcc/avr/5.4.0/../../../../avr/lib/avr5\libc.a(memcpy.o)
 .bss           0x00000000        0x0 c:/program files (x86)/atmel/studio/7.0/toolchain/avr8/avr8-gnu-toolchain/bin/../lib/gcc/avr/5.4.0/../../../../avr/lib/avr5\libc.a(memcpy.o)
 .text          0x00000000        0x0 c:/program files (x86)/atmel/studio/7.0/toolchain/avr8/avr8-gnu-toolchain/bin/../lib/gcc/avr/5.4.0/../../../../avr/lib/avr5\libc.a(memset.o)
 .data          0x00000000        0x0 c:/program files (x86)/atmel/studio/7.0/toolchain/avr8/avr8-gnu-toolchain/bin/../lib/gcc/avr/5.4.0/../../../../avr/lib/avr5\libc.a(memset.o)
 .bss           0x00000000        0x0 c:/program files (x86)/atmel/studio/7.0/toolchain/avr8/avr8-gnu-toolchain/bin/../lib/gcc/avr/5.4.0/../../../../avr/lib/avr5\libc.a(memset.o)
 .text          0x00000000        0x0 c:/program files (x86)/atmel/studio/7.0/toolchain/avr8/avr8-gnu-toolchain/bin/../lib/gcc/avr/5.4.0/../../../../avr/lib/avr5\libc.a(strcpy.o)
 .data          0x00000000        0x0 c:/program files (x86)/atmel/studio/7.0/toolchain/avr8/avr8-gnu-toolchain/bin/../lib/gcc/avr/5.4.0/../../../../avr/lib/avr5\libc.a(strcpy.o)
 .bss           0x00000000        0x0 c:/program files (x86)/atmel/studio/7.0/toolchain/avr8/avr8-gnu-toolchain/bin/../lib/gcc/avr/5.4.0/../../../../avr/lib/avr5\libc.a(strcpy.o)

Memory Configuration

Name             Origin             Length             Attributes
text             0x00000000         0x00004000         xr
data             0x00800100         0x00000400         rw !x
eeprom           0x00810000         0x00000200         rw !x
fuse             0x00820000         0x00000003         rw !x
lock             0x00830000         0x00000400         rw !x
signature        0x00840000         0x00000400         rw !x
user_signatures  0x00850000         0x00000400         rw !x
*default*        0x00000000         0xffffffff

Linker script and memory map

Address of section .data set to 0x800100
LOAD C:/Program Files (x86)/Atmel/Studio/7.0/Packs/atmel/ATmega_DFP/1.6.364/gcc/dev/atmega168/avr5/crtatmega168.o
LOAD cell.o
LOAD disk.o
LOAD gpio.o
LOAD i2c.o
LOAD lift.o
LOAD main.o
LOAD timer.o
START GROUP
LOAD c:/program files (x86)/atmel/studio/7.0/toolchain/avr8/avr8-gnu-toolchain/bin/../lib/gcc/avr/5.4.0/../../../../avr/lib/avr5\libm.a
END GROUP
START GROUP
LOAD c:/program files (x86)/atmel/studio/7.0/toolchain/avr8/avr8-gnu-toolchain/bin/../lib/gcc/avr/5.4.0/avr5\libgcc.a
LOAD c:/program files (x86)/atmel/studio/7.0/toolchain/avr8/avr8-gnu-toolchain/bin/../lib/gcc/avr/5.4.0/../../../../avr/lib/avr5\libm.a
LOAD c:/program files (x86)/atmel/studio/7.0/toolchain/avr8/avr8-gnu-toolchain/bin/../lib/gcc/avr/5.4.0/../../../../avr/lib/avr5\libc.a
LOAD C:/Program Files (x86)/Atmel/Studio/7.0/Packs/atmel/ATmega_DFP/1.6.364/gcc/dev/atmega168/avr5\libatmega168.a
END GROUP
                0x00000000                __TEXT_REGION_ORIGIN__ = DEFINED (__TEXT_REGION_ORIGIN__)?__TEXT_REGION_ORIGIN__:0x0
                [0x00800100]                __DATA_REGION_ORIGIN__ = DEFINED (__DATA_REGION_ORIGIN__)?__DATA_REGION_ORIGIN__:0x800060
                [0x00004000]                __TEXT_REGION_LENGTH__ = DEFINED (__TEXT_REGION_LENGTH__)?__TEXT_REGION_LENGTH__:0x20000
                [0x00000400]                __DATA_REGION_LENGTH__ = DEFINED (__DATA_REGION_LENGTH__)?__DATA_REGION_LENGTH__:0xffa0
                [0x00000200]                __EEPROM_REGION_LENGTH__ = DEFINED (__EEPROM_REGION_LENGTH__)?__EEPROM_REGION_LENGTH__:0x10000
                [0x00000003]                __FUSE_REGION_LENGTH__ = DEFINED (__FUSE_REGION_LENGTH__)?__FUSE_REGION_LENGTH__:0x400
                0x00000400                __LOCK_REGION_LENGTH__ = DEFINED (__LOCK_REGION_LENGTH__)?__LOCK_REGION_LENGTH__:0x400
                0x00000400                __SIGNATURE_REGION_LENGTH__ = DEFINED (__SIGNATURE_REGION_LENGTH__)?__SIGNATURE_REGION_LENGTH__:0x400
                0x00000400                __USER_SIGNATURE_REGION_LENGTH__ = DEFINED (__USER_SIGNATURE_REGION_LENGTH__)?__USER_SIGNATURE_REGION_LENGTH__:0x400

.hash
 *(.hash)

.dynsym
 *(.dynsym)

.dynstr
 *(.dynstr)

.gnu.version
 *(.gnu.version)

.gnu.version_d
 *(.gnu.version_d)

.gnu.version_r
 *(.gnu.version_r)

.rel.init
 *(.rel.init)

.rela.init
 *(.rela.init)

.rel.text
 *(.rel.text)
 *(.rel.text.*)
 *(.rel.gnu.linkonce.t*)

.rela.text
 *(.rela.text)
 *(.rela.text.*)
 *(.rela.gnu.linkonce.t*)

.rel.fini
 *(.rel.fini)

.rela.fini
 *(.rela.fini)

.rel.rodata
 *(.rel.rodata)
 *(.rel.rodata.*)
 *(.rel.gnu.linkonce.r*)

.rela.rodata
 *(.rela.rodata)
 *(.rela.rodata.*)
 *(.rela.gnu.linkonce.r*)

.rel.data
 *(.rel.data)
 *(.rel.data.*)
 *(.rel.gnu.linkonce.d*)

.rela.data
 *(.rela.data)
 *(.rela.data.*)
 *(.rela.gnu.linkonce.d*)

.rel.ctors
 *(.rel.ctors)

.rela.ctors
 *(.rela.ctors)

.rel.dtors
 *(.rel.dtors)

.rela.dtors
 *(.rela.dtors)

.rel.got
 *(.rel.got)

.rela.got
 *(.rela.got)

.rel.bss
 *(.rel.bss)

.rela.bss
 *(.rela.bss)

.rel.plt
 *(.rel.plt)

.rela.plt
 *(.rela.plt)

.text           0x00000000     0x1a54
 *(.vectors)
 .vectors       0x00000000       0x68 C:/Program Files (x86)/Atmel/Studio/7.0/Packs/atmel/ATmega_DFP/1.6.364/gcc/dev/atmega168/avr5/crtatmega168.o
                0x00000000                __vector_default
                0x00000000                __vectors
 *(.vectors)
 *(.progmem.gcc*)
 .progmem.gcc_sw_table.disk_isr_working_cycle
                0x00000068       0x12 disk.o
 .progmem.gcc_sw_table.lift_isr_routine
                0x0000007a        0xe lift.o
                0x00000088                . = ALIGN (0x2)
                0x00000088                __trampolines_start = .
 *(.trampolines)
 .trampolines   0x00000088        0x0 linker stubs
 *(.trampolines*)
                0x00000088                __trampolines_end = .
 *libprintf_flt.a:*(.progmem.data)
 *libc.a:*(.progmem.data)
 *(.progmem*)
                0x00000088                . = ALIGN (0x2)
 *(.jumptables)
 *(.jumptables*)
 *(.lowtext)
 *(.lowtext*)
                0x00000088                __ctors_start = .
 *(.ctors)
                0x00000088                __ctors_end = .
                0x00000088                __dtors_start = .
 *(.dtors)
                0x00000088                __dtors_end = .
 SORT(*)(.ctors)
 SORT(*)(.dtors)
 *(.init0)
 .init0         0x00000088        0x0 C:/Program Files (x86)/Atmel/Studio/7.0/Packs/atmel/ATmega_DFP/1.6.364/gcc/dev/atmega168/avr5/crtatmega168.o
                0x00000088                __init
 *(.init0)
 *(.init1)
 *(.init1)
 *(.init2)
 .init2         0x00000088        0xc C:/Program Files (x86)/Atmel/Studio/7.0/Packs/atmel/ATmega_DFP/1.6.364/gcc/dev/atmega168/avr5/crtatmega168.o
 *(.init2)
 *(.init3)
 *(.init3)
 *(.init4)
 .init4         0x00000094       0x16 c:/program files (x86)/atmel/studio/7.0/toolchain/avr8/avr8-gnu-toolchain/bin/../lib/gcc/avr/5.4.0/avr5\libgcc.a(_copy_data.o)
                0x00000094                __do_copy_data
 .init4         0x000000aa       0x10 c:/program files (x86)/atmel/studio/7.0/toolchain/avr8/avr8-gnu-toolchain/bin/../lib/gcc/avr/5.4.0/avr5\libgcc.a(_clear_bss.o)
                0x000000aa                __do_clear_bss
 *(.init4)
 *(.init5)
 *(.init5)
 *(.init6)
 *(.init6)
 *(.init7)
 *(.init7)
 *(.init8)
 *(.init8)
 *(.init9)
 .init9         0x000000ba        0x8 C:/Program Files (x86)/Atmel/Studio/7.0/Packs/atmel/ATmega_DFP/1.6.364/gcc/dev/atmega168/avr5/crtatmega168.o
 *(.init9)
 *(.text)
 .text          0x000000c2        0x4 C:/Program Files (x86)/Atmel/Studio/7.0/Packs/atmel/ATmega_DFP/1.6.364/gcc/dev/atmega168/avr5/crtatmega168.o
                0x000000c2                __vector_22
                0x000000c2                __vector_1
                0x000000c2                __vector_12
                0x000000c2                __bad_interrupt
                0x000000c2                __vector_6
                0x000000c2                __vector_23
                0x000000c2                __vector_25
                0x000000c2                __vector_11
                0x000000c2                __vector_13
                0x000000c2                __vector_17
                0x000000c2                __vector_19
                0x000000c2                __vector_5
                0x000000c2                __vector_9
                0x000000c2                __vector_2
                0x000000c2                __vector_21
                0x000000c2                __vector_15
                0x000000c2                __vector_8
                0x000000c2                __vector_10
                0x000000c2                __vector_16
                0x000000c2                __vector_18
                0x000000c2                __vector_20
                0x000000c6                . = ALIGN (0x2)
 *(.text.*)
 .text.init_cell
                0x000000c6       0x18 cell.o
                0x000000c6                init_cell
 .text.cell_update_control_values
                0x000000de       0x6e cell.o
                0x000000de                cell_update_control_values
 .text.get_cell_state
                0x0000014c       0x12 cell.o
                0x0000014c                get_cell_state
 .text.cell_isr_routine
                0x0000015e       0xdc cell.o
                0x0000015e                cell_isr_routine
 .text.init_disk
                0x0000023a       0x6c disk.o
                0x0000023a                init_disk
 .text.init_disk_power_on_value
                0x000002a6       0x18 disk.o
                0x000002a6                init_disk_power_on_value
 .text.isr_calibrate_motor_pwm
                0x000002be      0x15c disk.o
                0x000002be                isr_calibrate_motor_pwm
 .text.get_disk_label_position
                0x0000041a       0x60 disk.o
                0x0000041a                get_disk_label_position
 .text.disk_set_left_rotation
                0x0000047a       0x4c disk.o
                0x0000047a                disk_set_left_rotation
 .text.disk_set_right_rotation
                0x000004c6       0x4e disk.o
                0x000004c6                disk_set_right_rotation
 .text.set_disk_enable_disk_rotation
                0x00000514       0x1a disk.o
                0x00000514                set_disk_enable_disk_rotation
 .text.disk_stop_rotation
                0x0000052e       0x1a disk.o
                0x0000052e                disk_stop_rotation
 .text.reset_sin_cos
                0x00000548       0x30 disk.o
                0x00000548                reset_sin_cos
 .text.get_disk_state
                0x00000578       0x12 disk.o
                0x00000578                get_disk_state
 .text.disk_set_new_position
                0x0000058a       0xa2 disk.o
                0x0000058a                disk_set_new_position
 .text.disk_isr_working_cycle
                0x0000062c      0x268 disk.o
                0x0000062c                disk_isr_working_cycle
 .text.get_disk_busy
                0x00000894       0x12 disk.o
                0x00000894                get_disk_busy
 .text.check_rotation_side
                0x000008a6       0x64 disk.o
                0x000008a6                check_rotation_side
 .text.disk_isr_update_motor_pwm
                0x0000090a       0xdc disk.o
                0x0000090a                disk_isr_update_motor_pwm
 .text.disk_isr_update_led_sync_pwm
                0x000009e6       0xdc disk.o
                0x000009e6                disk_isr_update_led_sync_pwm
 .text.disk_isr_update_led_data_pwm
                0x00000ac2       0xdc disk.o
                0x00000ac2                disk_isr_update_led_data_pwm
 .text.__vector_3
                0x00000b9e      0x112 disk.o
                0x00000b9e                __vector_3
 .text.__vector_4
                0x00000cb0       0xe4 disk.o
                0x00000cb0                __vector_4
 .text.init_gpio
                0x00000d94      0x142 gpio.o
                0x00000d94                init_gpio
 .text.init_twi
                0x00000ed6       0x3e i2c.o
                0x00000ed6                init_twi
 .text.calculate_checksum
                0x00000f14       0x52 i2c.o
                0x00000f14                calculate_checksum
 .text.prepare_output_buffer
                0x00000f66       0xb0 i2c.o
                0x00000f66                prepare_output_buffer
 .text.twi_engine
                0x00001016      0x15c i2c.o
                0x00001016                twi_engine
 .text.__vector_24
                0x00001172      0x1a4 i2c.o
                0x00001172                __vector_24
 .text.init_lift_pwm
                0x00001316       0x3e lift.o
                0x00001316                init_lift_pwm
 .text.get_lift_position
                0x00001354       0x28 lift.o
                0x00001354                get_lift_position
 .text.init_lift
                0x0000137c       0x3c lift.o
                0x0000137c                init_lift
 .text.autotest_lift
                0x000013b8       0x2a lift.o
                0x000013b8                autotest_lift
 .text.set_new_lift_position
                0x000013e2       0x32 lift.o
                0x000013e2                set_new_lift_position
 .text.lift_isr_routine
                0x00001414      0x32e lift.o
                0x00001414                lift_isr_routine
 .text.check_lift_bussy
                0x00001742       0x12 lift.o
                0x00001742                check_lift_bussy
 .text.get_lift_state
                0x00001754       0x12 lift.o
                0x00001754                get_lift_state
 .text.set_lift_pwm_direct
                0x00001766       0x3a lift.o
                0x00001766                set_lift_pwm_direct
 .text.set_lift_enble
                0x000017a0       0x22 lift.o
                0x000017a0                set_lift_enble
 .text.disable_lift
                0x000017c2       0x2c lift.o
                0x000017c2                disable_lift
 .text.set_lift_position_up
                0x000017ee       0x30 lift.o
                0x000017ee                set_lift_position_up
 .text.set_lift_position_down
                0x0000181e       0x30 lift.o
                0x0000181e                set_lift_position_down
 .text.main     0x0000184e       0x38 main.o
                0x0000184e                main
 .text.init_clock
                0x00001886       0x2a main.o
 .text.init_timers
                0x000018b0       0x60 timer.o
                0x000018b0                init_timers
 .text.__vector_14
                0x00001910       0xa0 timer.o
                0x00001910                __vector_14
 .text.__vector_7
                0x000019b0       0x66 timer.o
                0x000019b0                __vector_7
 .text.libgcc   0x00001a16        0xc c:/program files (x86)/atmel/studio/7.0/toolchain/avr8/avr8-gnu-toolchain/bin/../lib/gcc/avr/5.4.0/avr5\libgcc.a(_tablejump2.o)
                0x00001a16                __tablejump2__
 .text.avr-libc
                0x00001a22       0x12 c:/program files (x86)/atmel/studio/7.0/toolchain/avr8/avr8-gnu-toolchain/bin/../lib/gcc/avr/5.4.0/../../../../avr/lib/avr5\libc.a(memcpy.o)
                0x00001a22                memcpy
 .text.avr-libc
                0x00001a34        0xe c:/program files (x86)/atmel/studio/7.0/toolchain/avr8/avr8-gnu-toolchain/bin/../lib/gcc/avr/5.4.0/../../../../avr/lib/avr5\libc.a(memset.o)
                0x00001a34                memset
 .text.avr-libc
                0x00001a42        0xe c:/program files (x86)/atmel/studio/7.0/toolchain/avr8/avr8-gnu-toolchain/bin/../lib/gcc/avr/5.4.0/../../../../avr/lib/avr5\libc.a(strcpy.o)
                0x00001a42                strcpy
                0x00001a50                . = ALIGN (0x2)
 *(.fini9)
 .fini9         0x00001a50        0x0 c:/program files (x86)/atmel/studio/7.0/toolchain/avr8/avr8-gnu-toolchain/bin/../lib/gcc/avr/5.4.0/avr5\libgcc.a(_exit.o)
                0x00001a50                _exit
                0x00001a50                exit
 *(.fini9)
 *(.fini8)
 *(.fini8)
 *(.fini7)
 *(.fini7)
 *(.fini6)
 *(.fini6)
 *(.fini5)
 *(.fini5)
 *(.fini4)
 *(.fini4)
 *(.fini3)
 *(.fini3)
 *(.fini2)
 *(.fini2)
 *(.fini1)
 *(.fini1)
 *(.fini0)
 .fini0         0x00001a50        0x4 c:/program files (x86)/atmel/studio/7.0/toolchain/avr8/avr8-gnu-toolchain/bin/../lib/gcc/avr/5.4.0/avr5\libgcc.a(_exit.o)
 *(.fini0)
                0x00001a54                _etext = .

.data           0x00800100       0x1c load address 0x00001a54
                0x00800100                PROVIDE (__data_start, .)
 *(.data)
 *(.data*)
 .data.ID       0x00800100       0x1b i2c.o
 *(.gnu.linkonce.d*)
 *(.rodata)
 *(.rodata*)
 *(.gnu.linkonce.r*)
                0x0080011c                . = ALIGN (0x2)
 *fill*         0x0080011b        0x1 
                0x0080011c                _edata = .
                0x0080011c                PROVIDE (__data_end, .)

.bss            0x0080011c      0x162
                0x0080011c                PROVIDE (__bss_start, .)
 *(.bss)
 *(.bss*)
 .bss.cell_pwm_state.2035
                0x0080011c        0x1 cell.o
 .bss.cell_pwm_counter.2034
                0x0080011d        0x1 cell.o
 .bss.counter.2030
                0x0080011e        0x2 disk.o
 .bss.delay_before.2056
                0x00800120        0x2 disk.o
 .bss.motor_pwm_state.2076
                0x00800122        0x1 disk.o
 .bss.motor_pwm_counter.2075
                0x00800123        0x1 disk.o
 .bss.sync_pwm_state.2084
                0x00800124        0x1 disk.o
 .bss.sync_pwm_counter.2083
                0x00800125        0x1 disk.o
 .bss.data_pwm_state.2092
                0x00800126        0x1 disk.o
 .bss.data_pwm_counter.2091
                0x00800127        0x1 disk.o
 .bss.pwm.2037  0x00800128        0x1 lift.o
 .bss.pwm_timeout.2038
                0x00800129        0x1 lift.o
 .bss.m_delay   0x0080012a        0x4 timer.o
                0x0080012a                m_delay
 *(COMMON)
 COMMON         0x0080012e        0x2 cell.o
                0x0080012e                CellStructure
 COMMON         0x00800130       0x18 disk.o
                0x00800130                DiskStrukture
 COMMON         0x00800148      0x12e i2c.o
                0x00800148                twi_output_ptr
                0x00800149                twi_input_ptr
                0x0080014a                twi_buffer
                0x008001e0                temp_buffer
 COMMON         0x00800276        0x8 lift.o
                0x00800276                LiftStructure
                0x0080027e                PROVIDE (__bss_end, .)
                0x00001a54                __data_load_start = LOADADDR (.data)
                0x00001a70                __data_load_end = (__data_load_start + SIZEOF (.data))

.noinit         0x0080027e        0x0
                [!provide]                PROVIDE (__noinit_start, .)
 *(.noinit*)
                [!provide]                PROVIDE (__noinit_end, .)
                0x0080027e                _end = .
                [!provide]                PROVIDE (__heap_start, .)

.eeprom         0x00810000        0x0
 *(.eeprom*)
                0x00810000                __eeprom_end = .

.fuse
 *(.fuse)
 *(.lfuse)
 *(.hfuse)
 *(.efuse)

.lock
 *(.lock*)

.signature
 *(.signature*)

.user_signatures
 *(.user_signatures*)

.stab
 *(.stab)

.stabstr
 *(.stabstr)

.stab.excl
 *(.stab.excl)

.stab.exclstr
 *(.stab.exclstr)

.stab.index
 *(.stab.index)

.stab.indexstr
 *(.stab.indexstr)

.comment        0x00000000       0x30
 *(.comment)
 .comment       0x00000000       0x30 cell.o
                                 0x31 (size before relaxing)
 .comment       0x00000030       0x31 disk.o
 .comment       0x00000030       0x31 gpio.o
 .comment       0x00000030       0x31 i2c.o
 .comment       0x00000030       0x31 lift.o
 .comment       0x00000030       0x31 main.o
 .comment       0x00000030       0x31 timer.o

.note.gnu.avr.deviceinfo
                0x00000000       0x3c
 .note.gnu.avr.deviceinfo
                0x00000000       0x3c C:/Program Files (x86)/Atmel/Studio/7.0/Packs/atmel/ATmega_DFP/1.6.364/gcc/dev/atmega168/avr5/crtatmega168.o

.note.gnu.build-id
 *(.note.gnu.build-id)

.debug
 *(.debug)

.line
 *(.line)

.debug_srcinfo
 *(.debug_srcinfo)

.debug_sfnames
 *(.debug_sfnames)

.debug_aranges  0x00000000      0x238
 *(.debug_aranges)
 .debug_aranges
                0x00000000       0x38 cell.o
 .debug_aranges
                0x00000038       0xb8 disk.o
 .debug_aranges
                0x000000f0       0x20 gpio.o
 .debug_aranges
                0x00000110       0x40 i2c.o
 .debug_aranges
                0x00000150       0x88 lift.o
 .debug_aranges
                0x000001d8       0x28 main.o
 .debug_aranges
                0x00000200       0x38 timer.o

.debug_pubnames
 *(.debug_pubnames)

.debug_info     0x00000000     0x15ea
 *(.debug_info .gnu.linkonce.wi.*)
 .debug_info    0x00000000      0x5f4 C:/Program Files (x86)/Atmel/Studio/7.0/Packs/atmel/ATmega_DFP/1.6.364/gcc/dev/atmega168/avr5/crtatmega168.o
 .debug_info    0x000005f4      0x1bc cell.o
 .debug_info    0x000007b0      0x5b4 disk.o
 .debug_info    0x00000d64       0x89 gpio.o
 .debug_info    0x00000ded      0x2ee i2c.o
 .debug_info    0x000010db      0x36f lift.o
 .debug_info    0x0000144a       0xa2 main.o
 .debug_info    0x000014ec       0xfe timer.o

.debug_abbrev   0x00000000      0xc79
 *(.debug_abbrev)
 .debug_abbrev  0x00000000      0x5a2 C:/Program Files (x86)/Atmel/Studio/7.0/Packs/atmel/ATmega_DFP/1.6.364/gcc/dev/atmega168/avr5/crtatmega168.o
 .debug_abbrev  0x000005a2      0x103 cell.o
 .debug_abbrev  0x000006a5      0x1cf disk.o
 .debug_abbrev  0x00000874       0x4f gpio.o
 .debug_abbrev  0x000008c3      0x156 i2c.o
 .debug_abbrev  0x00000a19      0x151 lift.o
 .debug_abbrev  0x00000b6a       0x67 main.o
 .debug_abbrev  0x00000bd1       0xa8 timer.o

.debug_line     0x00000000     0x17cc
 *(.debug_line .debug_line.* .debug_line_end)
 .debug_line    0x00000000      0x134 C:/Program Files (x86)/Atmel/Studio/7.0/Packs/atmel/ATmega_DFP/1.6.364/gcc/dev/atmega168/avr5/crtatmega168.o
 .debug_line    0x00000134      0x1c9 cell.o
 .debug_line    0x000002fd      0x8a5 disk.o
 .debug_line    0x00000ba2      0x107 gpio.o
 .debug_line    0x00000ca9      0x356 i2c.o
 .debug_line    0x00000fff      0x55c lift.o
 .debug_line    0x0000155b      0x10f main.o
 .debug_line    0x0000166a      0x162 timer.o

.debug_frame    0x00000000      0x860
 *(.debug_frame)
 .debug_frame   0x00000000       0x94 cell.o
 .debug_frame   0x00000094      0x334 disk.o
 .debug_frame   0x000003c8       0x34 gpio.o
 .debug_frame   0x000003fc       0xf8 i2c.o
 .debug_frame   0x000004f4      0x1fc lift.o
 .debug_frame   0x000006f0       0x54 main.o
 .debug_frame   0x00000744      0x11c timer.o

.debug_str      0x00000000      0xd16
 *(.debug_str)
 .debug_str     0x00000000      0x208 C:/Program Files (x86)/Atmel/Studio/7.0/Packs/atmel/ATmega_DFP/1.6.364/gcc/dev/atmega168/avr5/crtatmega168.o
 .debug_str     0x00000208      0x236 cell.o
                                0x288 (size before relaxing)
 .debug_str     0x0000043e      0x421 disk.o
                                0x634 (size before relaxing)
 .debug_str     0x0000085f       0x16 gpio.o
                                0x181 (size before relaxing)
 .debug_str     0x00000875      0x1ac i2c.o
                                0x349 (size before relaxing)
 .debug_str     0x00000a21      0x296 lift.o
                                0x4a9 (size before relaxing)
 .debug_str     0x00000cb7       0x1c main.o
                                0x187 (size before relaxing)
 .debug_str     0x00000cd3       0x43 timer.o
                                0x1b7 (size before relaxing)

.debug_loc      0x00000000     0x1071
 *(.debug_loc)
 .debug_loc     0x00000000       0xf9 cell.o
 .debug_loc     0x000000f9      0x697 disk.o
 .debug_loc     0x00000790       0x3b gpio.o
 .debug_loc     0x000007cb      0x203 i2c.o
 .debug_loc     0x000009ce      0x3c8 lift.o
 .debug_loc     0x00000d96       0x76 main.o
 .debug_loc     0x00000e0c      0x265 timer.o

.debug_macinfo
 *(.debug_macinfo)

.debug_weaknames
 *(.debug_weaknames)

.debug_funcnames
 *(.debug_funcnames)

.debug_typenames
 *(.debug_typenames)

.debug_varnames
 *(.debug_varnames)

.debug_pubtypes
 *(.debug_pubtypes)

.debug_ranges   0x00000000      0x1c8
 *(.debug_ranges)
 .debug_ranges  0x00000000       0x28 cell.o
 .debug_ranges  0x00000028       0xa8 disk.o
 .debug_ranges  0x000000d0       0x10 gpio.o
 .debug_ranges  0x000000e0       0x30 i2c.o
 .debug_ranges  0x00000110       0x78 lift.o
 .debug_ranges  0x00000188       0x18 main.o
 .debug_ranges  0x000001a0       0x28 timer.o

.debug_macro
 *(.debug_macro)
OUTPUT(AAEC018.280.002_F.elf elf32-avr)
LOAD linker stubs
